## Benchmark-1

| Count  |    ns/op    |
|-------:|------------:|
| 1500.0 | 1340.0ns/op |
