  [1mBenchmark-0[0m  main (1234567)  
-------------------------------
  [1mCount[0m                  1000  
  [1mns/op[0m              676ns/op  
