## Benchmark-0

| Count  |   ns/op    |
|-------:|-----------:|
| 1000.0 | 676.0ns/op |
