<details><summary>Metadata</summary>

### Metadata of Benchmark-0

|  goos  | goarch |
|-------:|-------:|
| darwin | amd64  |

</details>
